2020-10-13 20:42:30 INFO  Bank:335 - c1 logged in.
2020-10-13 21:05:18 INFO  Bank:335 - c1 logged out!
2020-10-13 21:05:25 INFO  Bank:335 - e5 logged in.
2020-10-13 21:08:09 INFO  Bank:335 - Employee e5 rejected loan for 1for the reason Car for the amount of 0.0
2020-10-13 21:08:10 INFO  Bank:335 - Employee e5 rejected loan for 2for the reason House for the amount of 0.0
2020-10-13 21:08:11 INFO  Bank:335 - Employee e5 rejected loan for 3for the reason Car for the amount of 0.0
2020-10-13 21:08:14 INFO  Bank:335 - Employee e5 accepted loan for 4for the reason Housefor the amount of 50.0
2020-10-13 21:08:16 INFO  Bank:335 - Employee e5 accepted loan for 4for the reason Carfor the amount of 100.0
2020-10-13 21:08:26 INFO  Bank:335 - Employee e5 viewed accounts of: c1
2020-10-13 21:08:44 INFO  Bank:335 - e5 logged out!
2020-10-13 21:12:24 INFO  Bank:335 - A new user has attempted to register for an account: Ricks.  They are now waiting approval!
2020-10-13 21:13:19 INFO  Bank:335 - e5 logged in.
2020-10-13 21:13:22 INFO  Bank:335 - Employee e5accepted user Ricks into the system!
2020-10-13 21:13:25 INFO  Bank:335 - e5 logged out!
2020-10-13 21:13:35 INFO  Bank:335 - Ricks logged in.
2020-10-13 21:13:55 INFO  Bank:335 - User Ricks has applied for an account named  checking (...8052).  The initial deposit is 1000.0
2020-10-13 21:13:57 INFO  Bank:335 - Ricks logged out!
2020-10-13 21:14:01 INFO  Bank:335 - e5 logged in.
2020-10-13 21:21:26 INFO  Bank:336 - e5 logged in.
2020-10-13 21:21:51 INFO  Bank:336 - Employee e5accepted user Ricks into the system!
2020-10-13 21:23:05 INFO  Bank:336 - Employee e5accepted the account  checking (...8052) for 8 with an initial balance of 1000.0
2020-10-13 21:31:05 INFO  Bank:336 - e5 logged out!
2020-10-13 21:31:42 INFO  Bank:336 - Colins logged in.
2020-10-13 21:31:53 INFO  Bank:336 - User Colins has applied for an account named  savings (...1092).  The initial deposit is 2000.0
2020-10-13 21:32:25 INFO  Bank:336 - Colins logged out!
2020-10-13 21:32:40 INFO  Bank:336 - Carloa logged in.
2020-10-13 21:34:33 INFO  Bank:336 - User Carloa has applied for an account named  checking (...8756).  The initial deposit is 3000.0
2020-10-13 21:39:57 INFO  Bank:336 - Carloa logged out!
2020-10-13 21:40:05 INFO  Bank:336 - Ricks logged in.
2020-10-13 21:40:19 INFO  Bank:336 - User Ricks has applied for an account named  savings (...2848).  The initial deposit is 500.0
2020-10-13 21:40:26 INFO  Bank:336 - Ricks logged out!
2020-10-13 21:40:31 INFO  Bank:336 - Employee5 logged in.
2020-10-13 21:40:39 INFO  Bank:336 - Employee Employee5accepted the account  savings (...2848) for Ricks with an initial balance of 500.0
2020-10-13 21:40:43 INFO  Bank:336 - Employee5 logged out!
2020-10-13 21:41:20 INFO  Bank:336 - Ricks logged in.
2020-10-13 21:44:42 INFO  Bank:336 - Ricks logged in.
2020-10-13 21:45:08 INFO  Bank:336 - TRANS: Ricks started a transfer of 20.0 to Ricks
2020-10-13 21:45:31 INFO  Bank:336 - Ricks logged out!
2020-10-13 21:45:44 INFO  Bank:336 - Colins logged in.
2020-10-13 21:47:15 INFO  Bank:336 - Colins logged out!
2020-10-13 21:47:33 INFO  Bank:336 - Colins logged in.
2020-10-13 21:48:43 INFO  Bank:336 - Colins logged in.
2020-10-13 21:48:49 INFO  Bank:336 - Ricks transfered 20.0 to Colins from account checking (...8052) to account savings (...1092)
2020-10-13 21:52:42 INFO  Bank:336 - Colins logged out!
2020-10-13 21:52:54 INFO  Bank:336 - Ricks logged in.
2020-10-13 21:53:20 INFO  Bank:336 - TRANS: Ricks started a transfer of 20.0 to Ricks
2020-10-13 21:53:24 INFO  Bank:336 - Ricks logged out!
2020-10-13 21:53:58 INFO  Bank:336 - Colins logged in.
2020-10-13 21:54:08 INFO  Bank:336 - Ricks transfered 20.0 to Colins from account checking (...8052) to account savings (...1092)
2020-10-13 21:59:26 INFO  Bank:336 - Colins logged out!
2020-10-13 22:00:38 INFO  Bank:336 - A new user has attempted to register for an account: NathanR.  They are now waiting approval!
2020-10-13 22:01:23 INFO  Bank:336 - A new user has attempted to register for an account: Nathan.  They are now waiting approval!
2020-10-13 22:03:24 INFO  Bank:336 - A new user has attempted to register for an account: ricks27.  They are now waiting approval!
2020-10-13 22:03:46 INFO  Bank:336 - Employee5 logged in.
2020-10-13 22:03:52 INFO  Bank:336 - Employee Employee5accepted user ricks27 into the system!
2020-10-13 22:03:53 INFO  Bank:336 - Employee5 logged out!
2020-10-13 22:04:00 INFO  Bank:336 - ricks27 logged in.
2020-10-13 22:04:10 INFO  Bank:336 - User ricks27 has applied for an account named  checking (...1067).  The initial deposit is 1000.0
2020-10-13 22:04:12 INFO  Bank:336 - ricks27 logged out!
2020-10-13 22:04:22 INFO  Bank:336 - Employee5 logged in.
2020-10-13 22:04:32 INFO  Bank:336 - Employee Employee5accepted the account  checking (...1067) for ricks27 with an initial balance of 1000.0
2020-10-13 22:04:34 INFO  Bank:336 - Employee5 logged out!
2020-10-13 22:04:43 INFO  Bank:336 - ricks27 logged in.
2020-10-13 22:04:47 INFO  Bank:336 - ricks27 viewed his balance
2020-10-13 22:04:58 INFO  Bank:336 - TRANS: ricks27 made a withdrawal of 5.0 from the account checking (...1067)
2020-10-13 22:05:06 INFO  Bank:336 - TRANS: ricks27 deposited 5.0 into his account: checking (...1067)
2020-10-13 22:05:21 INFO  Bank:336 - TRANS: ricks27 started a transfer of 20.0 to ricks27
2020-10-13 22:05:24 INFO  Bank:336 - ricks27 logged out!
2020-10-13 22:05:33 INFO  Bank:336 - Ricks logged in.
2020-10-13 22:06:37 INFO  Bank:336 - ricks27 transfered 20.0 to Ricks from account checking (...1067) to account savings (...2848)
2020-10-13 22:07:01 INFO  Bank:336 - Ricks logged out!
2020-10-13 22:07:26 INFO  Bank:336 - Ricks logged in.
2020-10-13 22:07:43 INFO  Bank:336 - TRANS: Ricks transfered 20.0 to checking (...8052) from savings (...2848)
2020-10-13 22:08:43 INFO  Bank:336 - Ricks logged out!
2020-10-13 22:08:57 INFO  Bank:336 - Ricks logged in.
2020-10-13 22:09:09 INFO  Bank:336 - TRANS:  User Ricks has applied for a loan for  Car.  The amount is 1000.0
2020-10-13 22:09:14 INFO  Bank:336 - Ricks logged out!
2020-10-13 22:09:27 INFO  Bank:336 - Employee5 logged in.
2020-10-13 22:09:32 INFO  Bank:336 - Employee Employee5 accepted loan for 8for the reason Carfor the amount of 1000.0
2020-10-13 22:09:46 INFO  Bank:336 - Employee5 logged out!
2020-10-13 22:09:56 INFO  Bank:336 - Ricks logged in.
2020-10-13 22:10:39 INFO  Bank:336 - TRANS:  User Ricks made a payment of100.0 towards Car remaining balance is: 900.00
2020-10-13 22:13:28 INFO  Bank:336 - Ricks logged out!
2020-10-13 22:13:34 INFO  Bank:336 - Employee5 logged in.
2020-10-13 22:17:30 INFO  Bank:336 - Employee Employee5 viewed accounts of: Ricks
2020-10-13 22:17:39 INFO  Bank:336 - Employee5 logged out!
2020-10-13 22:18:10 INFO  Bank:336 - Manager logged in.
2020-10-13 22:21:05 INFO  Bank:336 - Manager logged out!
